[aqvatarius.com/themes/taurus/html/index.html]
[backblue.gif]
[fade.gif]
[index.html]
[aqvatarius.com/themes/taurus/html/favicon.ico]
[aqvatarius.com/themes/taurus/html/css/stylesheets.css]
[aqvatarius.com/themes/taurus/html/js/plugins/jquery/jquery-migrate.min.js]
[aqvatarius.com/themes/taurus/html/js/plugins/jquery/jquery.min.js]
[aqvatarius.com/themes/taurus/html/js/plugins/mcustomscrollbar/jquery.mCustomScrollbar.min.js]
[aqvatarius.com/themes/taurus/html/js/plugins/bootstrap/bootstrap.min.js]
[aqvatarius.com/themes/taurus/html/js/plugins/jquery/globalize.js]
[aqvatarius.com/themes/taurus/html/js/plugins/uniform/jquery.uniform.min.js]
[aqvatarius.com/themes/taurus/html/js/plugins/knob/jquery.knob.js]
[aqvatarius.com/themes/taurus/html/js/plugins/flot/jquery.flot.resize.js]
[aqvatarius.com/themes/taurus/html/js/plugins/sparkline/jquery.sparkline.min.js]
[aqvatarius.com/themes/taurus/html/js/plugins.js]
[aqvatarius.com/themes/taurus/html/js/actions.js]
[aqvatarius.com/themes/taurus/html/js/charts.js]
[aqvatarius.com/themes/taurus/html/js/settings.js]
[aqvatarius.com/themes/taurus/html/js/plugins/jquery/jquery-ui.min.js]
[aqvatarius.com/themes/taurus/html/js/plugins/flot/jquery.flot.js]
[aqvatarius.com/themes/taurus/html/index-2.html]
[aqvatarius.com/themes/taurus/html/img/logo.png]
[aqvatarius.com/themes/taurus/html/form_elements.html]
[aqvatarius.com/themes/taurus/html/form_editors.html]
[aqvatarius.com/themes/taurus/html/form_files.html]
[aqvatarius.com/themes/taurus/html/form_validation.html]
[aqvatarius.com/themes/taurus/html/component_blocks.html]
[aqvatarius.com/themes/taurus/html/component_buttons.html]
[aqvatarius.com/themes/taurus/html/component_modals.html]
[aqvatarius.com/themes/taurus/html/component_tabs.html]
[aqvatarius.com/themes/taurus/html/component_progress.html]
[aqvatarius.com/themes/taurus/html/component_lists.html]
[aqvatarius.com/themes/taurus/html/component_messages.html]
[aqvatarius.com/themes/taurus/html/component_table_default.html]
[aqvatarius.com/themes/taurus/html/component_table_sortable.html]
[aqvatarius.com/themes/taurus/html/component_layout_blank.html]
[aqvatarius.com/themes/taurus/html/component_layout_custom.html]
[aqvatarius.com/themes/taurus/html/component_layout_scroll.html]
[aqvatarius.com/themes/taurus/html/component_layout_fixed.html]
[aqvatarius.com/themes/taurus/html/component_layout_white.html]
[aqvatarius.com/themes/taurus/html/component_charts.html]
[aqvatarius.com/themes/taurus/html/component_maps.html]
[aqvatarius.com/themes/taurus/html/component_typography.html]
[aqvatarius.com/themes/taurus/html/component_gallery.html]
[aqvatarius.com/themes/taurus/html/component_calendar.html]
[aqvatarius.com/themes/taurus/html/component_icons.html]
[aqvatarius.com/themes/taurus/html/component_portlet.html]
[aqvatarius.com/themes/taurus/html/widgets.html]
[aqvatarius.com/themes/taurus/html/sample_login.html]
[aqvatarius.com/themes/taurus/html/sample_registration.html]
[aqvatarius.com/themes/taurus/html/sample_profile.html]
[aqvatarius.com/themes/taurus/html/sample_profile_social.html]
[aqvatarius.com/themes/taurus/html/sample_edit_profile.html]
[aqvatarius.com/themes/taurus/html/sample_mail.html]
[aqvatarius.com/themes/taurus/html/sample_search.html]
[aqvatarius.com/themes/taurus/html/sample_invoice.html]
[aqvatarius.com/themes/taurus/html/sample_contacts.html]
[aqvatarius.com/themes/taurus/html/sample_tasks.html]
[aqvatarius.com/themes/taurus/html/sample_timeline.html]
[aqvatarius.com/themes/taurus/html/email_sample_1.html]
[aqvatarius.com/themes/taurus/html/email_sample_2.html]
[aqvatarius.com/themes/taurus/html/email_sample_3.html]
[aqvatarius.com/themes/taurus/html/email_sample_4.html]
[aqvatarius.com/themes/taurus/html/sample_error_403.html]
[aqvatarius.com/themes/taurus/html/sample_error_404.html]
[aqvatarius.com/themes/taurus/html/sample_error_500.html]
[aqvatarius.com/themes/taurus/html/sample_error_503.html]
[aqvatarius.com/themes/taurus/html/sample_error_504.html]
[aqvatarius.com/themes/taurus/html/img/example/user/dmitry_b.jpg]
[aqvatarius.com/themes/taurus/html/img/example/user/dmitry.jpg]
[aqvatarius.com/themes/taurus/html/img/example/user/alexey.jpg]
[aqvatarius.com/themes/taurus/html/img/example/user/olga.jpg]
[aqvatarius.com/themes/taurus/html/img/example/user/helen.jpg]
[aqvatarius.com/themes/taurus/html/img/example/user/dmitry_s.jpg]
[aqvatarius.com/themes/taurus/html/img/example/user/olga_s.jpg]
[aqvatarius.com/themes/taurus/html/index.html]
[aqvatarius.com/themes/taurus/html/favicon.html]
[aqvatarius.com/themes/taurus/html/css/bootstrap/bootstrap.min.css]
[aqvatarius.com/themes/taurus/html/css/jquery/jquery-ui.min.css]
[aqvatarius.com/themes/taurus/html/css/icons/font-awesome.min.css]
[aqvatarius.com/themes/taurus/html/css/mcustomscrollbar/jquery.mCustomScrollbar.css]
[aqvatarius.com/themes/taurus/html/css/select2/select2.css]
[aqvatarius.com/themes/taurus/html/css/shbrush/shCoreDefault.css]
[aqvatarius.com/themes/taurus/html/css/shbrush/shThemeDefault.css]
[aqvatarius.com/themes/taurus/html/css/cleditor/jquery.cleditor.css]
[aqvatarius.com/themes/taurus/html/css/codemirror/codemirror.css]
[aqvatarius.com/themes/taurus/html/css/validationengine/validationEngine.css]
[aqvatarius.com/themes/taurus/html/css/fancybox/jquery.fancybox.css]
[aqvatarius.com/themes/taurus/html/css/fullcalendar/fullcalendar.css]
[aqvatarius.com/themes/taurus/html/css/elfinder/elfinder.min.css]
[aqvatarius.com/themes/taurus/html/css/filetree/jqueryFileTree.css]
[aqvatarius.com/themes/taurus/html/css/stylesheet.css]
[aqvatarius.com/themes/taurus/html/css/backgrounds.css]
[aqvatarius.com/themes/taurus/html/css/themes.css]
[aqvatarius.com/themes/taurus/html/img/background/bt_cubs_a.png]
[aqvatarius.com/themes/taurus/html/css/stylesheets.css]
[aqvatarius.com/themes/taurus/html/index-2.html]
[aqvatarius.com/themes/taurus/html/js/plugins/select2/select2.min.js]
[aqvatarius.com/themes/taurus/html/js/plugins/tagsinput/jquery.tagsinput.min.js]
[aqvatarius.com/themes/taurus/html/form_elements.html]
[aqvatarius.com/themes/taurus/html/js/plugins/jquery/jquery-ui-timepicker-addon.js]
[aqvatarius.com/themes/taurus/html/js/plugins/bootstrap/bootstrap-file-input.js]
[aqvatarius.com/themes/taurus/html/js/plugins/plupload/jquery.plupload.queue/css/jquery.plupload.queue.css]
[aqvatarius.com/themes/taurus/html/css/codemirror/theme/midnight.css]
[aqvatarius.com/themes/taurus/html/js/plugins/cleditor/jquery.cleditor.min.js]
[aqvatarius.com/themes/taurus/html/js/plugins/codemirror/addon/edit/matchbrackets.js]
[aqvatarius.com/themes/taurus/html/js/plugins/codemirror/mode/htmlmixed/htmlmixed.js]
[aqvatarius.com/themes/taurus/html/js/plugins/codemirror/mode/xml/xml.js]
[aqvatarius.com/themes/taurus/html/js/plugins/codemirror/mode/javascript/javascript.js]
[aqvatarius.com/themes/taurus/html/js/plugins/codemirror/mode/clike/clike.js]
[aqvatarius.com/themes/taurus/html/js/plugins/codemirror/mode/css/css.js]
[aqvatarius.com/themes/taurus/html/js/plugins/codemirror/mode/php/php.js]
[aqvatarius.com/themes/taurus/html/img/example/example_150x115.jpg]
[aqvatarius.com/themes/taurus/html/form_editors.html]
[aqvatarius.com/themes/taurus/html/js/plugins/codemirror/codemirror.js]
[aqvatarius.com/themes/taurus/html/js/plugins/filetree/jqueryFileTree.js]
[aqvatarius.com/themes/taurus/html/js/plugins/plupload/plupload.js]
[aqvatarius.com/themes/taurus/html/js/plugins/plupload/plupload.gears.js]
[aqvatarius.com/themes/taurus/html/js/plugins/plupload/plupload.silverlight.js]
[aqvatarius.com/themes/taurus/html/js/plugins/plupload/plupload.flash.js]
[aqvatarius.com/themes/taurus/html/js/plugins/plupload/plupload.browserplus.js]
[aqvatarius.com/themes/taurus/html/js/plugins/elfinder/elfinder.min.js]
[aqvatarius.com/themes/taurus/html/js/plugins/plupload/plupload.html4.js]
[aqvatarius.com/themes/taurus/html/form_files.html]
[aqvatarius.com/themes/taurus/html/js/plugins/ibutton/jquery.ibutton.js]
[aqvatarius.com/themes/taurus/html/js/plugins/plupload/jquery.plupload.queue/jquery.plupload.queue.js]
[aqvatarius.com/themes/taurus/html/js/plugins/plupload/plupload.html5.js]
[aqvatarius.com/themes/taurus/html/js/plugins/validationengine/languages/jquery.validationEngine-en.js]
[aqvatarius.com/themes/taurus/html/js/plugins/maskedinput/jquery.maskedinput.min.js]
[aqvatarius.com/themes/taurus/html/form_validation.html]
[aqvatarius.com/themes/taurus/html/component_blocks.html]
[aqvatarius.com/themes/taurus/html/component_buttons.html]
[aqvatarius.com/themes/taurus/html/js/plugins/stepy/jquery.stepy.min.js]
[aqvatarius.com/themes/taurus/html/js/plugins/noty/layouts/topCenter.js]
[aqvatarius.com/themes/taurus/html/js/plugins/noty/jquery.noty.js]
[aqvatarius.com/themes/taurus/html/js/plugins/noty/layouts/topLeft.js]
[aqvatarius.com/themes/taurus/html/js/plugins/validationengine/jquery.validationEngine.js]
[aqvatarius.com/themes/taurus/html/js/plugins/noty/layouts/topRight.js]
[aqvatarius.com/themes/taurus/html/assets/ajax_modal_content.html]
[aqvatarius.com/themes/taurus/html/js/plugins/noty/themes/default.js]
[aqvatarius.com/themes/taurus/html/img/example/user/alexey_s.jpg]
[aqvatarius.com/themes/taurus/html/img/loader.gif]
[aqvatarius.com/themes/taurus/html/component_modals.html]
[aqvatarius.com/themes/taurus/html/component_tabs.html]
[aqvatarius.com/themes/taurus/html/component_progress.html]
[aqvatarius.com/themes/taurus/html/component_lists.html]
[aqvatarius.com/themes/taurus/html/js/plugins/tinymce/tinymce.min.js]
[aqvatarius.com/themes/taurus/html/img/example/photo/img_2.jpg]
[aqvatarius.com/themes/taurus/html/img/example/photo/img_2s.jpg]
[aqvatarius.com/themes/taurus/html/js/plugins/fancybox/jquery.fancybox.pack.js]
[aqvatarius.com/themes/taurus/html/img/example/photo/img_3.jpg]
[aqvatarius.com/themes/taurus/html/img/example/photo/img_3s.jpg]
[aqvatarius.com/themes/taurus/html/component_messages.html]
[aqvatarius.com/themes/taurus/html/component_table_default.html]
[aqvatarius.com/themes/taurus/html/component_table_sortable.html]
[aqvatarius.com/themes/taurus/html/component_layout_blank.html]
[aqvatarius.com/themes/taurus/html/component_layout_custom.html]
[aqvatarius.com/themes/taurus/html/component_layout_scroll.html]
[aqvatarius.com/themes/taurus/html/component_layout_fixed.html]
[aqvatarius.com/themes/taurus/html/component_layout_white.html]
[aqvatarius.com/themes/taurus/html/js/plugins/flot/jquery.flot.pie.js]
[aqvatarius.com/themes/taurus/html/component_charts.html]
[aqvatarius.com/themes/taurus/html/js/plugins/datatables/jquery.dataTables.min.js]
[aqvatarius.com/themes/taurus/html/component_maps.html]
[aqvatarius.com/themes/taurus/html/component_typography.html]
[aqvatarius.com/themes/taurus/html/js/maps.js]
[aqvatarius.com/themes/taurus/html/img/example/example_500x380.jpg]
[aqvatarius.com/themes/taurus/html/component_gallery.html]
[aqvatarius.com/themes/taurus/html/component_calendar.html]
[aqvatarius.com/themes/taurus/html/component_icons.html]
[aqvatarius.com/themes/taurus/html/js/plugins/fullcalendar/fullcalendar.min.js]
[aqvatarius.com/themes/taurus/html/component_portlet.html]
[aqvatarius.com/themes/taurus/html/js/portlet.js]
[aqvatarius.com/themes/taurus/html/js/plugins/shbrush/XRegExp.js]
[aqvatarius.com/themes/taurus/html/js/plugins/shbrush/shBrushXml.js]
[aqvatarius.com/themes/taurus/html/js/plugins/shbrush/shCore.js]
[aqvatarius.com/themes/taurus/html/js/plugins/shbrush/shBrushJScript.js]
[aqvatarius.com/themes/taurus/html/img/example/user/helen_s.jpg]
[aqvatarius.com/themes/taurus/html/widgets.html]
[aqvatarius.com/themes/taurus/html/js/plugins/shbrush/shBrushCss.js]
[aqvatarius.com/themes/taurus/html/sample_login.html]
[aqvatarius.com/themes/taurus/html/img/logob.png]
[aqvatarius.com/themes/taurus/html/sample_registration.html]
[aqvatarius.com/themes/taurus/html/img/example/user_bg.jpg]
[aqvatarius.com/themes/taurus/html/img/example/photo/img_4.jpg]
[aqvatarius.com/themes/taurus/html/img/example/photo/img_4s.jpg]
[aqvatarius.com/themes/taurus/html/sample_profile.html]
[aqvatarius.com/themes/taurus/html/sample_profile_social.html]
[aqvatarius.com/themes/taurus/html/sample_edit_profile.html]
[aqvatarius.com/themes/taurus/html/sample_mail.html]
[aqvatarius.com/themes/taurus/html/sample_search.html]
[aqvatarius.com/themes/taurus/html/sample_invoice.html]
[aqvatarius.com/themes/taurus/html/sample_contacts.html]
[aqvatarius.com/themes/taurus/html/sample_tasks.html]
[aqvatarius.com/themes/taurus/html/sample_timeline.html]
[img.createsend1.com/img/templatebuilder/like-glyph.png]
[img.createsend1.com/img/templatebuilder/tweet-glyph.png]
[aqvatarius.com/themes/taurus/html/email_sample_1.html]
[img.createsend1.com/img/templatebuilder/forward-glyph.png]
[img.createsend1.com/static/filler/580x348_fill.gif]
[img.createsend1.com/static/filler/300x180_fill.gif]
[aqvatarius.com/themes/taurus/html/email_sample_2.html]
[aqvatarius.com/themes/taurus/html/email_sample_3.html]
[aqvatarius.com/themes/taurus/html/email_sample_4.html]
[aqvatarius.com/themes/taurus/html/sample_error_403.html]
[aqvatarius.com/themes/taurus/html/sample_error_404.html]
[aqvatarius.com/themes/taurus/html/sample_error_500.html]
[aqvatarius.com/themes/taurus/html/sample_error_503.html]
[aqvatarius.com/themes/taurus/html/sample_error_504.html]
[aqvatarius.com/themes/taurus/html/css/fonts/glyphicons-halflings-regular.eot]
[aqvatarius.com/themes/taurus/html/css/fonts/glyphicons-halflings-regulard41d.eot]
[aqvatarius.com/themes/taurus/html/css/fonts/glyphicons-halflings-regular.woff2]
[aqvatarius.com/themes/taurus/html/css/fonts/glyphicons-halflings-regular.woff]
[aqvatarius.com/themes/taurus/html/css/fonts/glyphicons-halflings-regular.ttf]
[aqvatarius.com/themes/taurus/html/css/fonts/glyphicons-halflings-regular.svg]
[aqvatarius.com/themes/taurus/html/css/bootstrap/bootstrap.min.css]
[aqvatarius.com/themes/taurus/html/css/jquery/jquery-ui.min.css]
[aqvatarius.com/themes/taurus/html/css/fonts/fontawesome-webfontf77b.eot]
[aqvatarius.com/themes/taurus/html/css/fonts/fontawesome-webfont.svg]
[aqvatarius.com/themes/taurus/html/css/icons/font-awesome.min.css]
[aqvatarius.com/themes/taurus/html/css/fonts/fontawesome-webfontd41d.eot]
[aqvatarius.com/themes/taurus/html/css/mcustomscrollbar/mCSB_buttons.png]
[aqvatarius.com/themes/taurus/html/css/mcustomscrollbar/jquery.mCustomScrollbar.css]
[aqvatarius.com/themes/taurus/html/img/select2/select2.png]
[aqvatarius.com/themes/taurus/html/img/background/bt_cubs.png]
[aqvatarius.com/themes/taurus/html/img/select2/select2-spinner.gif]
[aqvatarius.com/themes/taurus/html/css/fonts/fontawesome-webfontf77b.woff]
[aqvatarius.com/themes/taurus/html/img/select2/select2x2.png]
[aqvatarius.com/themes/taurus/html/css/select2/select2.css]
[aqvatarius.com/themes/taurus/html/css/shbrush/shCoreDefault.css]
[aqvatarius.com/themes/taurus/html/css/shbrush/shThemeDefault.css]
[aqvatarius.com/themes/taurus/html/css/fonts/fontawesome-webfontf77b.ttf]
[aqvatarius.com/themes/taurus/html/css/cleditor/buttons.gif]
[aqvatarius.com/themes/taurus/html/css/cleditor/jquery.cleditor.css]
[aqvatarius.com/themes/taurus/html/css/codemirror/codemirror.css]
[aqvatarius.com/themes/taurus/html/css/validationengine/validationEngine.css]
[aqvatarius.com/themes/taurus/html/img/fancybox/fancybox_sprite.png]
[aqvatarius.com/themes/taurus/html/img/fancybox/fancybox_loading.gif]
[aqvatarius.com/themes/taurus/html/img/fancybox/blank.gif]
[aqvatarius.com/themes/taurus/html/img/fancybox/fancybox_overlay.png]
[aqvatarius.com/themes/taurus/html/css/fancybox/jquery.fancybox.css]
[aqvatarius.com/themes/taurus/html/css/fullcalendar/fullcalendar.css]
[aqvatarius.com/themes/taurus/html/img/elfinder/crop.gif]
[aqvatarius.com/themes/taurus/html/img/elfinder/progress.gif]
[aqvatarius.com/themes/taurus/html/img/elfinder/logo.png]
[aqvatarius.com/themes/taurus/html/img/elfinder/toolbar.png]
[aqvatarius.com/themes/taurus/html/img/elfinder/arrows-normal.png]
[aqvatarius.com/themes/taurus/html/img/elfinder/icons-big.png]
[aqvatarius.com/themes/taurus/html/img/elfinder/icons-small.png]
[aqvatarius.com/themes/taurus/html/img/elfinder/dialogs.png]
[aqvatarius.com/themes/taurus/html/img/elfinder/spinner-mini.gif]
[aqvatarius.com/themes/taurus/html/img/elfinder/arrows-active.png]
[aqvatarius.com/themes/taurus/html/img/elfinder/resize.png]
[aqvatarius.com/themes/taurus/html/img/elfinder/quicklook-bg.png]
[aqvatarius.com/themes/taurus/html/img/elfinder/quicklook-icons.png]
[aqvatarius.com/themes/taurus/html/css/img/arrows-active.png]
[aqvatarius.com/themes/taurus/html/css/elfinder/elfinder.min.css]
[aqvatarius.com/themes/taurus/html/img/filetree/directory.png]
[aqvatarius.com/themes/taurus/html/img/filetree/folder_open.png]
[aqvatarius.com/themes/taurus/html/img/filetree/file.png]
[aqvatarius.com/themes/taurus/html/img/filetree/spinner.gif]
[aqvatarius.com/themes/taurus/html/img/filetree/film.png]
[aqvatarius.com/themes/taurus/html/img/filetree/code.png]
[aqvatarius.com/themes/taurus/html/img/filetree/application.png]
[aqvatarius.com/themes/taurus/html/img/filetree/picture.png]
[aqvatarius.com/themes/taurus/html/img/filetree/css.png]
[aqvatarius.com/themes/taurus/html/img/filetree/doc.png]
[aqvatarius.com/themes/taurus/html/img/filetree/flash.png]
[aqvatarius.com/themes/taurus/html/img/filetree/html.png]
[aqvatarius.com/themes/taurus/html/img/filetree/java.png]
[aqvatarius.com/themes/taurus/html/img/filetree/script.png]
[aqvatarius.com/themes/taurus/html/img/filetree/txt.png]
[aqvatarius.com/themes/taurus/html/img/filetree/music.png]
[aqvatarius.com/themes/taurus/html/img/filetree/pdf.png]
[aqvatarius.com/themes/taurus/html/img/filetree/php.png]
[aqvatarius.com/themes/taurus/html/img/filetree/ppt.png]
[aqvatarius.com/themes/taurus/html/img/filetree/psd.png]
[aqvatarius.com/themes/taurus/html/img/filetree/ruby.png]
[aqvatarius.com/themes/taurus/html/img/filetree/linux.png]
[aqvatarius.com/themes/taurus/html/img/filetree/db.png]
[aqvatarius.com/themes/taurus/html/img/filetree/xls.png]
[aqvatarius.com/themes/taurus/html/img/filetree/zip.png]
[aqvatarius.com/themes/taurus/html/css/filetree/jqueryFileTree.css]
[aqvatarius.com/themes/taurus/html/img/background/bg_num1.jpg]
[aqvatarius.com/themes/taurus/html/css/stylesheet.css]
[aqvatarius.com/themes/taurus/html/img/background/light_ltr.png]
[aqvatarius.com/themes/taurus/html/img/background/light_rtl.png]
[aqvatarius.com/themes/taurus/html/img/background/light.png]
[aqvatarius.com/themes/taurus/html/img/background/bg_num2.jpg]
[aqvatarius.com/themes/taurus/html/img/background/bg_num3.jpg]
[aqvatarius.com/themes/taurus/html/img/background/splash_blue.png]
[aqvatarius.com/themes/taurus/html/img/background/splash_white.png]
[aqvatarius.com/themes/taurus/html/img/background/bg_num4.jpg]
[aqvatarius.com/themes/taurus/html/img/background/blight.png]
[aqvatarius.com/themes/taurus/html/img/background/blight_ltr.png]
[aqvatarius.com/themes/taurus/html/img/background/blight_rtl.png]
[aqvatarius.com/themes/taurus/html/img/wallpapers/wall_num1.jpg]
[aqvatarius.com/themes/taurus/html/img/wallpapers/wall_num2.jpg]
[aqvatarius.com/themes/taurus/html/img/wallpapers/wall_num3.jpg]
[aqvatarius.com/themes/taurus/html/img/wallpapers/wall_num4.jpg]
[aqvatarius.com/themes/taurus/html/img/wallpapers/wall_num5.jpg]
[aqvatarius.com/themes/taurus/html/img/wallpapers/wall_num6.jpg]
[aqvatarius.com/themes/taurus/html/img/wallpapers/wall_num7.jpg]
[aqvatarius.com/themes/taurus/html/img/wallpapers/wall_num8.jpg]
[aqvatarius.com/themes/taurus/html/img/wallpapers/wall_num9.jpg]
[aqvatarius.com/themes/taurus/html/img/wallpapers/wall_num10.jpg]
[aqvatarius.com/themes/taurus/html/img/wallpapers/wall_num11.jpg]
[aqvatarius.com/themes/taurus/html/img/wallpapers/wall_num12.jpg]
[aqvatarius.com/themes/taurus/html/img/wallpapers/wall_num13.jpg]
[aqvatarius.com/themes/taurus/html/img/wallpapers/wall_num14.jpg]
[aqvatarius.com/themes/taurus/html/img/wallpapers/wall_num15.jpg]
[aqvatarius.com/themes/taurus/html/img/wallpapers/wall_num16.jpg]
[aqvatarius.com/themes/taurus/html/css/backgrounds.css]
[aqvatarius.com/themes/taurus/html/img/background/wlight.png]
[aqvatarius.com/themes/taurus/html/img/background/wlight_ltr.png]
[aqvatarius.com/themes/taurus/html/img/background/wlight_rtl.png]
[aqvatarius.com/themes/taurus/html/css/themes.css]
[aqvatarius.com/themes/taurus/html/css/mystyles.css]
[aqvatarius.com/themes/taurus/html/js/plugins/plupload/jquery.plupload.queue/img/buttons.png]
[aqvatarius.com/themes/taurus/html/js/plugins/plupload/jquery.plupload.queue/img/buttons-disabled.png]
[aqvatarius.com/themes/taurus/html/js/plugins/plupload/jquery.plupload.queue/img/transp50.png]
[aqvatarius.com/themes/taurus/html/js/plugins/plupload/jquery.plupload.queue/img/backgrounds.gif]
[aqvatarius.com/themes/taurus/html/js/plugins/plupload/jquery.plupload.queue/img/delete.gif]
[aqvatarius.com/themes/taurus/html/js/plugins/plupload/jquery.plupload.queue/img/error.gif]
[aqvatarius.com/themes/taurus/html/js/plugins/plupload/jquery.plupload.queue/img/done.gif]
[aqvatarius.com/themes/taurus/html/js/plugins/plupload/jquery.plupload.queue/css/jquery.plupload.queue.css]
[aqvatarius.com/themes/taurus/html/css/codemirror/theme/midnight.css]
[aqvatarius.com/themes/taurus/html/js/plugins/ibutton/jquery.ibutton.html]
[aqvatarius.com/themes/taurus/html/assets/img/example/user/alexey.jpg]
[aqvatarius.com/themes/taurus/html/assets/img/example/user/olga.jpg]
[aqvatarius.com/themes/taurus/html/assets/img/example/user/helen.jpg]
[aqvatarius.com/themes/taurus/html/assets/ajax_modal_content.html]
[aqvatarius.com/themes/taurus/html/css/fonts/glyphicons-halflings-regular.html]
[aqvatarius.com/themes/taurus/html/css/fonts/glyphicons-halflings-regulard41d.html]
[aqvatarius.com/themes/taurus/html/css/fonts/glyphicons-halflings-regular-2.html]
[aqvatarius.com/themes/taurus/html/css/fonts/glyphicons-halflings-regular-3.html]
[aqvatarius.com/themes/taurus/html/css/fonts/glyphicons-halflings-regular-4.html]
[aqvatarius.com/themes/taurus/html/css/fonts/glyphicons-halflings-regular-5.html]
[aqvatarius.com/themes/taurus/html/css/fonts/fontawesome-webfont.svg]
[aqvatarius.com/themes/taurus/html/css/mcustomscrollbar/mCSB_buttons.html]
[aqvatarius.com/themes/taurus/html/css/img/arrows-active.html]
[aqvatarius.com/themes/taurus/html/assets/img/example/user/alexey.html]
[aqvatarius.com/themes/taurus/html/assets/img/example/user/olga.html]
[aqvatarius.com/themes/taurus/html/assets/img/example/user/helen.html]
